{
  "checks": {
    "anchor_alias_rows": 11230,
    "batch_report_doc_entries": 95,
    "batch_report_rows": 10,
    "conversion_performed": false,
    "coverage_rows": 11230,
    "coverage_status_counts": {
      "already_standardized_existing_planunits": 11230
    },
    "current_run_pointer": "Plans/.plan_migration/current_run.json",
    "doc_count": 95,
    "live_plan_unit_count": 6362,
    "plans_manifest_sha256": "692149dc319185c723d232b30fd89ab05173e662a657bcdd77e6fbdf6b7a782b",
    "source_preserving_unit_count": 0,
    "source_preserving_unit_ids": [],
    "span_count": 11230,
    "unique_live_plan_unit_count": 6362
  },
  "run_id": "pds-20260906-017-current-planunit-snapshot",
  "schema_id": "pm.plan_migration.current_snapshot_report.v1",
  "status": "pass"
}
